<?xml version="1.0" encoding="UTF-8"?>
<TestRun id="558288bd-cbff-49ae-8f56-8917169e5286" name="robperson@ROBPERSON-PC 2010-09-27 15:00:41" runUser="robperson-PC\robperson" xmlns="http://microsoft.com/schemas/VisualStudio/TeamTest/2006">
  <TestRunConfiguration name="Default Run Configuration" id="efb7eaf4-61cd-425e-a39a-9ca36a9c10e3">
    <Deployment runDeploymentRoot="C:\Users\robperson\Documents\Visual Studio 2008\Projects\AssessTrack\TestResults\robperson_ROBPERSON-PC 2010-09-27 15_00_41">
      <DeploymentItem filename="C:\Users\robperson\Documents\Visual Studio 2008\Projects\AssessTrack\AssessTrack\bin\AssessTrack.dll" />
    </Deployment>
    <Hosts skipUnhostableTests="false" />
    <TestTypeSpecific />
  </TestRunConfiguration>
  <ResultSummary outcome="Error">
    <Counters total="27" error="0" failed="0" timeout="0" aborted="0" inconclusive="0" passedButRunAborted="0" notRunnable="0" notExecuted="27" disconnected="0" warning="0" passed="0" completed="0" inProgress="0" pending="0" />
    <RunInfos>
      <RunInfo computerName="ROBPERSON-PC" outcome="Error" timestamp="2010-09-27T15:00:46.6763225-04:00">
        <Text>Failed to queue test run 'robperson@ROBPERSON-PC 2010-09-27 15:00:41': Test Run deployment issue: The location of the file or directory 'c:\users\robperson\documents\visual studio 2008\projects\assesstrack\assesstrack.tests\bin\debug\ICSharpCode.SharpZipLib.dll' is not trusted.</Text>
        <Exception>Microsoft.VisualStudio.TestTools.TestManagement.ExecutionException: Test Run deployment issue: The location of the file or directory 'c:\users\robperson\documents\visual studio 2008\projects\assesstrack\assesstrack.tests\bin\debug\ICSharpCode.SharpZipLib.dll' is not trusted.
   at Microsoft.VisualStudio.TestTools.TestManagement.DeploymentManager.DoDeployment(TestRun run, FileCopyService fileCopyService)
   at Microsoft.VisualStudio.TestTools.TestManagement.ControllerProxy.SetupTestRun(TestRun run, Boolean isNewTestRun, FileCopyService&amp; fileCopyService)
   at Microsoft.VisualStudio.TestTools.TestManagement.ControllerProxy.QueueTestRunWorker(Object state)</Exception>
      </RunInfo>
    </RunInfos>
  </ResultSummary>
  <Times creation="2010-09-27T15:00:41.4540238-04:00" queuing="2010-09-27T15:00:41.4540238-04:00" start="2010-09-27T15:00:41.4540238-04:00" finish="2010-09-27T15:00:46.6973237-04:00" />
  <TestDefinitions>
    <UnitTest name="ConstructorSetsProperties" storage="c:\users\robperson\documents\visual studio 2008\projects\assesstrack\assesstrack.tests\bin\debug\assesstrack.tests.dll" id="609fa32a-47d7-6a13-5696-e60220c4fe8d">
      <Css projectStructure="" iteration="" />
      <Owners>
        <Owner name="" />
      </Owners>
      <TestMethod codeBase="C:\Users\robperson\Documents\Visual Studio 2008\Projects\AssessTrack\AssessTrack.Tests\bin\Debug\AssessTrack.Tests.dll" adapterTypeName="Microsoft.VisualStudio.TestTools.TestTypes.Unit.UnitTestAdapter, Microsoft.VisualStudio.QualityTools.Tips.UnitTest.Adapter, Version=9.0.0.0, Culture=neutral, PublicKeyToken=b03f5f7f11d50a3a" className="AssessTrack.Tests.Controllers.AccountControllerTest, AssessTrack.Tests" name="ConstructorSetsProperties" />
    </UnitTest>
    <UnitTest name="LoginPostRedirectsToReturnUrlIfLoginSuccessfulAndReturnUrlGiven" storage="c:\users\robperson\documents\visual studio 2008\projects\assesstrack\assesstrack.tests\bin\debug\assesstrack.tests.dll" id="1423d5cd-1bcc-0778-1dca-6a774695ead9">
      <Css projectStructure="" iteration="" />
      <Owners>
        <Owner name="" />
      </Owners>
      <TestMethod codeBase="C:\Users\robperson\Documents\Visual Studio 2008\Projects\AssessTrack\AssessTrack.Tests\bin\Debug\AssessTrack.Tests.dll" adapterTypeName="Microsoft.VisualStudio.TestTools.TestTypes.Unit.UnitTestAdapter, Microsoft.VisualStudio.QualityTools.Tips.UnitTest.Adapter, Version=9.0.0.0, Culture=neutral, PublicKeyToken=b03f5f7f11d50a3a" className="AssessTrack.Tests.Controllers.AccountControllerTest, AssessTrack.Tests" name="LoginPostRedirectsToReturnUrlIfLoginSuccessfulAndReturnUrlGiven" />
    </UnitTest>
    <UnitTest name="ConstructorSetsPropertiesToDefaultValues" storage="c:\users\robperson\documents\visual studio 2008\projects\assesstrack\assesstrack.tests\bin\debug\assesstrack.tests.dll" id="2bf6efa9-53c0-6af8-9058-375f1c8248f3">
      <Css projectStructure="" iteration="" />
      <Owners>
        <Owner name="" />
      </Owners>
      <TestMethod codeBase="C:\Users\robperson\Documents\Visual Studio 2008\Projects\AssessTrack\AssessTrack.Tests\bin\Debug\AssessTrack.Tests.dll" adapterTypeName="Microsoft.VisualStudio.TestTools.TestTypes.Unit.UnitTestAdapter, Microsoft.VisualStudio.QualityTools.Tips.UnitTest.Adapter, Version=9.0.0.0, Culture=neutral, PublicKeyToken=b03f5f7f11d50a3a" className="AssessTrack.Tests.Controllers.AccountControllerTest, AssessTrack.Tests" name="ConstructorSetsPropertiesToDefaultValues" />
    </UnitTest>
    <UnitTest name="RegisterPostReturnsViewIfUsernameNotSpecified" storage="c:\users\robperson\documents\visual studio 2008\projects\assesstrack\assesstrack.tests\bin\debug\assesstrack.tests.dll" id="5686214b-a5b9-3128-8800-3a9781113d17">
      <Css projectStructure="" iteration="" />
      <Owners>
        <Owner name="" />
      </Owners>
      <TestMethod codeBase="C:\Users\robperson\Documents\Visual Studio 2008\Projects\AssessTrack\AssessTrack.Tests\bin\Debug\AssessTrack.Tests.dll" adapterTypeName="Microsoft.VisualStudio.TestTools.TestTypes.Unit.UnitTestAdapter, Microsoft.VisualStudio.QualityTools.Tips.UnitTest.Adapter, Version=9.0.0.0, Culture=neutral, PublicKeyToken=b03f5f7f11d50a3a" className="AssessTrack.Tests.Controllers.AccountControllerTest, AssessTrack.Tests" name="RegisterPostReturnsViewIfUsernameNotSpecified" />
    </UnitTest>
    <UnitTest name="RegisterPostReturnsViewIfNewPasswordDoesNotMatchConfirmPassword" storage="c:\users\robperson\documents\visual studio 2008\projects\assesstrack\assesstrack.tests\bin\debug\assesstrack.tests.dll" id="23f3119f-91a4-8d8f-01f5-933cc02e1981">
      <Css projectStructure="" iteration="" />
      <Owners>
        <Owner name="" />
      </Owners>
      <TestMethod codeBase="C:\Users\robperson\Documents\Visual Studio 2008\Projects\AssessTrack\AssessTrack.Tests\bin\Debug\AssessTrack.Tests.dll" adapterTypeName="Microsoft.VisualStudio.TestTools.TestTypes.Unit.UnitTestAdapter, Microsoft.VisualStudio.QualityTools.Tips.UnitTest.Adapter, Version=9.0.0.0, Culture=neutral, PublicKeyToken=b03f5f7f11d50a3a" className="AssessTrack.Tests.Controllers.AccountControllerTest, AssessTrack.Tests" name="RegisterPostReturnsViewIfNewPasswordDoesNotMatchConfirmPassword" />
    </UnitTest>
    <UnitTest name="ChangePasswordGetReturnsView" storage="c:\users\robperson\documents\visual studio 2008\projects\assesstrack\assesstrack.tests\bin\debug\assesstrack.tests.dll" id="e0b8dc99-09df-22e6-450a-55c2bc27dbb5">
      <Css projectStructure="" iteration="" />
      <Owners>
        <Owner name="" />
      </Owners>
      <TestMethod codeBase="C:\Users\robperson\Documents\Visual Studio 2008\Projects\AssessTrack\AssessTrack.Tests\bin\Debug\AssessTrack.Tests.dll" adapterTypeName="Microsoft.VisualStudio.TestTools.TestTypes.Unit.UnitTestAdapter, Microsoft.VisualStudio.QualityTools.Tips.UnitTest.Adapter, Version=9.0.0.0, Culture=neutral, PublicKeyToken=b03f5f7f11d50a3a" className="AssessTrack.Tests.Controllers.AccountControllerTest, AssessTrack.Tests" name="ChangePasswordGetReturnsView" />
    </UnitTest>
    <UnitTest name="RegisterPostRedirectsHomeIfRegistrationSuccessful" storage="c:\users\robperson\documents\visual studio 2008\projects\assesstrack\assesstrack.tests\bin\debug\assesstrack.tests.dll" id="b9c8dbdf-2490-1ae3-d94b-ef02d1e5b262">
      <Css projectStructure="" iteration="" />
      <Owners>
        <Owner name="" />
      </Owners>
      <TestMethod codeBase="C:\Users\robperson\Documents\Visual Studio 2008\Projects\AssessTrack\AssessTrack.Tests\bin\Debug\AssessTrack.Tests.dll" adapterTypeName="Microsoft.VisualStudio.TestTools.TestTypes.Unit.UnitTestAdapter, Microsoft.VisualStudio.QualityTools.Tips.UnitTest.Adapter, Version=9.0.0.0, Culture=neutral, PublicKeyToken=b03f5f7f11d50a3a" className="AssessTrack.Tests.Controllers.AccountControllerTest, AssessTrack.Tests" name="RegisterPostRedirectsHomeIfRegistrationSuccessful" />
    </UnitTest>
    <UnitTest name="ChangePasswordPostRedirectsOnSuccess" storage="c:\users\robperson\documents\visual studio 2008\projects\assesstrack\assesstrack.tests\bin\debug\assesstrack.tests.dll" id="12a2240e-8047-764b-369b-4fbb8106aecb">
      <Css projectStructure="" iteration="" />
      <Owners>
        <Owner name="" />
      </Owners>
      <TestMethod codeBase="C:\Users\robperson\Documents\Visual Studio 2008\Projects\AssessTrack\AssessTrack.Tests\bin\Debug\AssessTrack.Tests.dll" adapterTypeName="Microsoft.VisualStudio.TestTools.TestTypes.Unit.UnitTestAdapter, Microsoft.VisualStudio.QualityTools.Tips.UnitTest.Adapter, Version=9.0.0.0, Culture=neutral, PublicKeyToken=b03f5f7f11d50a3a" className="AssessTrack.Tests.Controllers.AccountControllerTest, AssessTrack.Tests" name="ChangePasswordPostRedirectsOnSuccess" />
    </UnitTest>
    <UnitTest name="About" storage="c:\users\robperson\documents\visual studio 2008\projects\assesstrack\assesstrack.tests\bin\debug\assesstrack.tests.dll" id="da3fa3dd-e32e-5292-1e6f-985df0159fdc">
      <Css projectStructure="" iteration="" />
      <Owners>
        <Owner name="" />
      </Owners>
      <TestMethod codeBase="C:\Users\robperson\Documents\Visual Studio 2008\Projects\AssessTrack\AssessTrack.Tests\bin\Debug\AssessTrack.Tests.dll" adapterTypeName="Microsoft.VisualStudio.TestTools.TestTypes.Unit.UnitTestAdapter, Microsoft.VisualStudio.QualityTools.Tips.UnitTest.Adapter, Version=9.0.0.0, Culture=neutral, PublicKeyToken=b03f5f7f11d50a3a" className="AssessTrack.Tests.Controllers.HomeControllerTest, AssessTrack.Tests" name="About" />
    </UnitTest>
    <UnitTest name="Index" storage="c:\users\robperson\documents\visual studio 2008\projects\assesstrack\assesstrack.tests\bin\debug\assesstrack.tests.dll" id="8cc29bf0-73f7-7940-8bc5-bdc536613070">
      <Css projectStructure="" iteration="" />
      <Owners>
        <Owner name="" />
      </Owners>
      <TestMethod codeBase="C:\Users\robperson\Documents\Visual Studio 2008\Projects\AssessTrack\AssessTrack.Tests\bin\Debug\AssessTrack.Tests.dll" adapterTypeName="Microsoft.VisualStudio.TestTools.TestTypes.Unit.UnitTestAdapter, Microsoft.VisualStudio.QualityTools.Tips.UnitTest.Adapter, Version=9.0.0.0, Culture=neutral, PublicKeyToken=b03f5f7f11d50a3a" className="AssessTrack.Tests.Controllers.HomeControllerTest, AssessTrack.Tests" name="Index" />
    </UnitTest>
    <UnitTest name="ChangePasswordPostReturnsViewIfNewPasswordIsNull" storage="c:\users\robperson\documents\visual studio 2008\projects\assesstrack\assesstrack.tests\bin\debug\assesstrack.tests.dll" id="bbab721a-b65d-38e6-bdc3-7bdb4660d335">
      <Css projectStructure="" iteration="" />
      <Owners>
        <Owner name="" />
      </Owners>
      <TestMethod codeBase="C:\Users\robperson\Documents\Visual Studio 2008\Projects\AssessTrack\AssessTrack.Tests\bin\Debug\AssessTrack.Tests.dll" adapterTypeName="Microsoft.VisualStudio.TestTools.TestTypes.Unit.UnitTestAdapter, Microsoft.VisualStudio.QualityTools.Tips.UnitTest.Adapter, Version=9.0.0.0, Culture=neutral, PublicKeyToken=b03f5f7f11d50a3a" className="AssessTrack.Tests.Controllers.AccountControllerTest, AssessTrack.Tests" name="ChangePasswordPostReturnsViewIfNewPasswordIsNull" />
    </UnitTest>
    <UnitTest name="ChangePasswordSuccess" storage="c:\users\robperson\documents\visual studio 2008\projects\assesstrack\assesstrack.tests\bin\debug\assesstrack.tests.dll" id="0989da9c-db6e-7d1a-ff16-95a554c5c3c9">
      <Css projectStructure="" iteration="" />
      <Owners>
        <Owner name="" />
      </Owners>
      <TestMethod codeBase="C:\Users\robperson\Documents\Visual Studio 2008\Projects\AssessTrack\AssessTrack.Tests\bin\Debug\AssessTrack.Tests.dll" adapterTypeName="Microsoft.VisualStudio.TestTools.TestTypes.Unit.UnitTestAdapter, Microsoft.VisualStudio.QualityTools.Tips.UnitTest.Adapter, Version=9.0.0.0, Culture=neutral, PublicKeyToken=b03f5f7f11d50a3a" className="AssessTrack.Tests.Controllers.AccountControllerTest, AssessTrack.Tests" name="ChangePasswordSuccess" />
    </UnitTest>
    <UnitTest name="ChangePasswordPostReturnsViewIfCurrentPasswordNotSpecified" storage="c:\users\robperson\documents\visual studio 2008\projects\assesstrack\assesstrack.tests\bin\debug\assesstrack.tests.dll" id="32ccbf33-f4c6-cd74-6b03-e754473b0f29">
      <Css projectStructure="" iteration="" />
      <Owners>
        <Owner name="" />
      </Owners>
      <TestMethod codeBase="C:\Users\robperson\Documents\Visual Studio 2008\Projects\AssessTrack\AssessTrack.Tests\bin\Debug\AssessTrack.Tests.dll" adapterTypeName="Microsoft.VisualStudio.TestTools.TestTypes.Unit.UnitTestAdapter, Microsoft.VisualStudio.QualityTools.Tips.UnitTest.Adapter, Version=9.0.0.0, Culture=neutral, PublicKeyToken=b03f5f7f11d50a3a" className="AssessTrack.Tests.Controllers.AccountControllerTest, AssessTrack.Tests" name="ChangePasswordPostReturnsViewIfCurrentPasswordNotSpecified" />
    </UnitTest>
    <UnitTest name="LoginPostReturnsViewIfUsernameNotSpecified" storage="c:\users\robperson\documents\visual studio 2008\projects\assesstrack\assesstrack.tests\bin\debug\assesstrack.tests.dll" id="6e6afaa1-6949-83b7-279d-1689715c041d">
      <Css projectStructure="" iteration="" />
      <Owners>
        <Owner name="" />
      </Owners>
      <TestMethod codeBase="C:\Users\robperson\Documents\Visual Studio 2008\Projects\AssessTrack\AssessTrack.Tests\bin\Debug\AssessTrack.Tests.dll" adapterTypeName="Microsoft.VisualStudio.TestTools.TestTypes.Unit.UnitTestAdapter, Microsoft.VisualStudio.QualityTools.Tips.UnitTest.Adapter, Version=9.0.0.0, Culture=neutral, PublicKeyToken=b03f5f7f11d50a3a" className="AssessTrack.Tests.Controllers.AccountControllerTest, AssessTrack.Tests" name="LoginPostReturnsViewIfUsernameNotSpecified" />
    </UnitTest>
    <UnitTest name="RegisterPostReturnsViewIfRegistrationFails" storage="c:\users\robperson\documents\visual studio 2008\projects\assesstrack\assesstrack.tests\bin\debug\assesstrack.tests.dll" id="731775c3-bfd8-00bf-7b80-564bbac357b7">
      <Css projectStructure="" iteration="" />
      <Owners>
        <Owner name="" />
      </Owners>
      <TestMethod codeBase="C:\Users\robperson\Documents\Visual Studio 2008\Projects\AssessTrack\AssessTrack.Tests\bin\Debug\AssessTrack.Tests.dll" adapterTypeName="Microsoft.VisualStudio.TestTools.TestTypes.Unit.UnitTestAdapter, Microsoft.VisualStudio.QualityTools.Tips.UnitTest.Adapter, Version=9.0.0.0, Culture=neutral, PublicKeyToken=b03f5f7f11d50a3a" className="AssessTrack.Tests.Controllers.AccountControllerTest, AssessTrack.Tests" name="RegisterPostReturnsViewIfRegistrationFails" />
    </UnitTest>
    <UnitTest name="RegisterPostReturnsViewIfPasswordIsTooShort" storage="c:\users\robperson\documents\visual studio 2008\projects\assesstrack\assesstrack.tests\bin\debug\assesstrack.tests.dll" id="0603561e-d71a-8fcc-987d-423a79ddb75d">
      <Css projectStructure="" iteration="" />
      <Owners>
        <Owner name="" />
      </Owners>
      <TestMethod codeBase="C:\Users\robperson\Documents\Visual Studio 2008\Projects\AssessTrack\AssessTrack.Tests\bin\Debug\AssessTrack.Tests.dll" adapterTypeName="Microsoft.VisualStudio.TestTools.TestTypes.Unit.UnitTestAdapter, Microsoft.VisualStudio.QualityTools.Tips.UnitTest.Adapter, Version=9.0.0.0, Culture=neutral, PublicKeyToken=b03f5f7f11d50a3a" className="AssessTrack.Tests.Controllers.AccountControllerTest, AssessTrack.Tests" name="RegisterPostReturnsViewIfPasswordIsTooShort" />
    </UnitTest>
    <UnitTest name="LoginPostReturnsViewIfUsernameOrPasswordIsIncorrect" storage="c:\users\robperson\documents\visual studio 2008\projects\assesstrack\assesstrack.tests\bin\debug\assesstrack.tests.dll" id="f07f95b8-0429-5e08-bfb2-36e1ab1af938">
      <Css projectStructure="" iteration="" />
      <Owners>
        <Owner name="" />
      </Owners>
      <TestMethod codeBase="C:\Users\robperson\Documents\Visual Studio 2008\Projects\AssessTrack\AssessTrack.Tests\bin\Debug\AssessTrack.Tests.dll" adapterTypeName="Microsoft.VisualStudio.TestTools.TestTypes.Unit.UnitTestAdapter, Microsoft.VisualStudio.QualityTools.Tips.UnitTest.Adapter, Version=9.0.0.0, Culture=neutral, PublicKeyToken=b03f5f7f11d50a3a" className="AssessTrack.Tests.Controllers.AccountControllerTest, AssessTrack.Tests" name="LoginPostReturnsViewIfUsernameOrPasswordIsIncorrect" />
    </UnitTest>
    <UnitTest name="ChangePasswordPostReturnsViewIfProviderRejectsPassword" storage="c:\users\robperson\documents\visual studio 2008\projects\assesstrack\assesstrack.tests\bin\debug\assesstrack.tests.dll" id="f2893489-a75f-86aa-49be-21b281f0a36e">
      <Css projectStructure="" iteration="" />
      <Owners>
        <Owner name="" />
      </Owners>
      <TestMethod codeBase="C:\Users\robperson\Documents\Visual Studio 2008\Projects\AssessTrack\AssessTrack.Tests\bin\Debug\AssessTrack.Tests.dll" adapterTypeName="Microsoft.VisualStudio.TestTools.TestTypes.Unit.UnitTestAdapter, Microsoft.VisualStudio.QualityTools.Tips.UnitTest.Adapter, Version=9.0.0.0, Culture=neutral, PublicKeyToken=b03f5f7f11d50a3a" className="AssessTrack.Tests.Controllers.AccountControllerTest, AssessTrack.Tests" name="ChangePasswordPostReturnsViewIfProviderRejectsPassword" />
    </UnitTest>
    <UnitTest name="LoginGet" storage="c:\users\robperson\documents\visual studio 2008\projects\assesstrack\assesstrack.tests\bin\debug\assesstrack.tests.dll" id="0de9b49d-8bdf-4226-5326-afa877082202">
      <Css projectStructure="" iteration="" />
      <Owners>
        <Owner name="" />
      </Owners>
      <TestMethod codeBase="C:\Users\robperson\Documents\Visual Studio 2008\Projects\AssessTrack\AssessTrack.Tests\bin\Debug\AssessTrack.Tests.dll" adapterTypeName="Microsoft.VisualStudio.TestTools.TestTypes.Unit.UnitTestAdapter, Microsoft.VisualStudio.QualityTools.Tips.UnitTest.Adapter, Version=9.0.0.0, Culture=neutral, PublicKeyToken=b03f5f7f11d50a3a" className="AssessTrack.Tests.Controllers.AccountControllerTest, AssessTrack.Tests" name="LoginGet" />
    </UnitTest>
    <UnitTest name="LoginPostReturnsViewIfPasswordNotSpecified" storage="c:\users\robperson\documents\visual studio 2008\projects\assesstrack\assesstrack.tests\bin\debug\assesstrack.tests.dll" id="2ed1de2b-fa78-8030-88e2-79bf2949ab51">
      <Css projectStructure="" iteration="" />
      <Owners>
        <Owner name="" />
      </Owners>
      <TestMethod codeBase="C:\Users\robperson\Documents\Visual Studio 2008\Projects\AssessTrack\AssessTrack.Tests\bin\Debug\AssessTrack.Tests.dll" adapterTypeName="Microsoft.VisualStudio.TestTools.TestTypes.Unit.UnitTestAdapter, Microsoft.VisualStudio.QualityTools.Tips.UnitTest.Adapter, Version=9.0.0.0, Culture=neutral, PublicKeyToken=b03f5f7f11d50a3a" className="AssessTrack.Tests.Controllers.AccountControllerTest, AssessTrack.Tests" name="LoginPostReturnsViewIfPasswordNotSpecified" />
    </UnitTest>
    <UnitTest name="RegisterPostReturnsViewIfEmailNotSpecified" storage="c:\users\robperson\documents\visual studio 2008\projects\assesstrack\assesstrack.tests\bin\debug\assesstrack.tests.dll" id="8955766b-4d03-6cf6-9c51-2a0d865e9f74">
      <Css projectStructure="" iteration="" />
      <Owners>
        <Owner name="" />
      </Owners>
      <TestMethod codeBase="C:\Users\robperson\Documents\Visual Studio 2008\Projects\AssessTrack\AssessTrack.Tests\bin\Debug\AssessTrack.Tests.dll" adapterTypeName="Microsoft.VisualStudio.TestTools.TestTypes.Unit.UnitTestAdapter, Microsoft.VisualStudio.QualityTools.Tips.UnitTest.Adapter, Version=9.0.0.0, Culture=neutral, PublicKeyToken=b03f5f7f11d50a3a" className="AssessTrack.Tests.Controllers.AccountControllerTest, AssessTrack.Tests" name="RegisterPostReturnsViewIfEmailNotSpecified" />
    </UnitTest>
    <UnitTest name="ChangePasswordPostReturnsViewIfNewPasswordDoesNotMatchConfirmPassword" storage="c:\users\robperson\documents\visual studio 2008\projects\assesstrack\assesstrack.tests\bin\debug\assesstrack.tests.dll" id="8b7277a3-7ff4-e284-c368-ae108e3dfbf6">
      <Css projectStructure="" iteration="" />
      <Owners>
        <Owner name="" />
      </Owners>
      <TestMethod codeBase="C:\Users\robperson\Documents\Visual Studio 2008\Projects\AssessTrack\AssessTrack.Tests\bin\Debug\AssessTrack.Tests.dll" adapterTypeName="Microsoft.VisualStudio.TestTools.TestTypes.Unit.UnitTestAdapter, Microsoft.VisualStudio.QualityTools.Tips.UnitTest.Adapter, Version=9.0.0.0, Culture=neutral, PublicKeyToken=b03f5f7f11d50a3a" className="AssessTrack.Tests.Controllers.AccountControllerTest, AssessTrack.Tests" name="ChangePasswordPostReturnsViewIfNewPasswordDoesNotMatchConfirmPassword" />
    </UnitTest>
    <UnitTest name="RegisterPostReturnsViewIfPasswordIsNull" storage="c:\users\robperson\documents\visual studio 2008\projects\assesstrack\assesstrack.tests\bin\debug\assesstrack.tests.dll" id="1442ba6f-fb9c-d22e-4efc-b427ecd120b5">
      <Css projectStructure="" iteration="" />
      <Owners>
        <Owner name="" />
      </Owners>
      <TestMethod codeBase="C:\Users\robperson\Documents\Visual Studio 2008\Projects\AssessTrack\AssessTrack.Tests\bin\Debug\AssessTrack.Tests.dll" adapterTypeName="Microsoft.VisualStudio.TestTools.TestTypes.Unit.UnitTestAdapter, Microsoft.VisualStudio.QualityTools.Tips.UnitTest.Adapter, Version=9.0.0.0, Culture=neutral, PublicKeyToken=b03f5f7f11d50a3a" className="AssessTrack.Tests.Controllers.AccountControllerTest, AssessTrack.Tests" name="RegisterPostReturnsViewIfPasswordIsNull" />
    </UnitTest>
    <UnitTest name="ChangePasswordPostReturnsViewIfNewPasswordIsTooShort" storage="c:\users\robperson\documents\visual studio 2008\projects\assesstrack\assesstrack.tests\bin\debug\assesstrack.tests.dll" id="c86b9a63-0180-6b2a-9422-df6ac3223398">
      <Css projectStructure="" iteration="" />
      <Owners>
        <Owner name="" />
      </Owners>
      <TestMethod codeBase="C:\Users\robperson\Documents\Visual Studio 2008\Projects\AssessTrack\AssessTrack.Tests\bin\Debug\AssessTrack.Tests.dll" adapterTypeName="Microsoft.VisualStudio.TestTools.TestTypes.Unit.UnitTestAdapter, Microsoft.VisualStudio.QualityTools.Tips.UnitTest.Adapter, Version=9.0.0.0, Culture=neutral, PublicKeyToken=b03f5f7f11d50a3a" className="AssessTrack.Tests.Controllers.AccountControllerTest, AssessTrack.Tests" name="ChangePasswordPostReturnsViewIfNewPasswordIsTooShort" />
    </UnitTest>
    <UnitTest name="RegisterGet" storage="c:\users\robperson\documents\visual studio 2008\projects\assesstrack\assesstrack.tests\bin\debug\assesstrack.tests.dll" id="aa571640-8b95-6be4-c3df-0f6fa6443622">
      <Css projectStructure="" iteration="" />
      <Owners>
        <Owner name="" />
      </Owners>
      <TestMethod codeBase="C:\Users\robperson\Documents\Visual Studio 2008\Projects\AssessTrack\AssessTrack.Tests\bin\Debug\AssessTrack.Tests.dll" adapterTypeName="Microsoft.VisualStudio.TestTools.TestTypes.Unit.UnitTestAdapter, Microsoft.VisualStudio.QualityTools.Tips.UnitTest.Adapter, Version=9.0.0.0, Culture=neutral, PublicKeyToken=b03f5f7f11d50a3a" className="AssessTrack.Tests.Controllers.AccountControllerTest, AssessTrack.Tests" name="RegisterGet" />
    </UnitTest>
    <UnitTest name="LogOff" storage="c:\users\robperson\documents\visual studio 2008\projects\assesstrack\assesstrack.tests\bin\debug\assesstrack.tests.dll" id="da18241b-e110-4152-7252-f7c0e2a87c96">
      <Css projectStructure="" iteration="" />
      <Owners>
        <Owner name="" />
      </Owners>
      <TestMethod codeBase="C:\Users\robperson\Documents\Visual Studio 2008\Projects\AssessTrack\AssessTrack.Tests\bin\Debug\AssessTrack.Tests.dll" adapterTypeName="Microsoft.VisualStudio.TestTools.TestTypes.Unit.UnitTestAdapter, Microsoft.VisualStudio.QualityTools.Tips.UnitTest.Adapter, Version=9.0.0.0, Culture=neutral, PublicKeyToken=b03f5f7f11d50a3a" className="AssessTrack.Tests.Controllers.AccountControllerTest, AssessTrack.Tests" name="LogOff" />
    </UnitTest>
    <UnitTest name="LoginPostRedirectsHomeIfLoginSuccessfulButNoReturnUrlGiven" storage="c:\users\robperson\documents\visual studio 2008\projects\assesstrack\assesstrack.tests\bin\debug\assesstrack.tests.dll" id="a635f0bb-ca2b-e1b6-1022-9cb601350dce">
      <Css projectStructure="" iteration="" />
      <Owners>
        <Owner name="" />
      </Owners>
      <TestMethod codeBase="C:\Users\robperson\Documents\Visual Studio 2008\Projects\AssessTrack\AssessTrack.Tests\bin\Debug\AssessTrack.Tests.dll" adapterTypeName="Microsoft.VisualStudio.TestTools.TestTypes.Unit.UnitTestAdapter, Microsoft.VisualStudio.QualityTools.Tips.UnitTest.Adapter, Version=9.0.0.0, Culture=neutral, PublicKeyToken=b03f5f7f11d50a3a" className="AssessTrack.Tests.Controllers.AccountControllerTest, AssessTrack.Tests" name="LoginPostRedirectsHomeIfLoginSuccessfulButNoReturnUrlGiven" />
    </UnitTest>
  </TestDefinitions>
  <TestLists>
    <TestList name="Results Not in a List" id="8c84fa94-04c1-424b-9868-57a2d4851a1d" />
    <TestList name="All Loaded Results" id="19431567-8539-422a-85d7-44ee4e166bda" />
  </TestLists>
  <TestEntries>
    <TestEntry testId="e0b8dc99-09df-22e6-450a-55c2bc27dbb5" executionId="b8026cf1-bbac-4d03-9593-61d6b869d142" testListId="8c84fa94-04c1-424b-9868-57a2d4851a1d" />
    <TestEntry testId="12a2240e-8047-764b-369b-4fbb8106aecb" executionId="d81489f0-4b7e-4542-9e3f-11bde8e9ac18" testListId="8c84fa94-04c1-424b-9868-57a2d4851a1d" />
    <TestEntry testId="32ccbf33-f4c6-cd74-6b03-e754473b0f29" executionId="cb35d079-ca07-4503-92ea-186d007e3503" testListId="8c84fa94-04c1-424b-9868-57a2d4851a1d" />
    <TestEntry testId="8b7277a3-7ff4-e284-c368-ae108e3dfbf6" executionId="786405c6-dfe7-4696-86f6-eb28cbd6f9d2" testListId="8c84fa94-04c1-424b-9868-57a2d4851a1d" />
    <TestEntry testId="bbab721a-b65d-38e6-bdc3-7bdb4660d335" executionId="58bebd1d-312c-4f83-9fe3-36cc34977a06" testListId="8c84fa94-04c1-424b-9868-57a2d4851a1d" />
    <TestEntry testId="c86b9a63-0180-6b2a-9422-df6ac3223398" executionId="abee5532-3912-4e3d-88da-ee3771684bf6" testListId="8c84fa94-04c1-424b-9868-57a2d4851a1d" />
    <TestEntry testId="f2893489-a75f-86aa-49be-21b281f0a36e" executionId="7232fae6-563d-4ba1-b571-ff92afa883c0" testListId="8c84fa94-04c1-424b-9868-57a2d4851a1d" />
    <TestEntry testId="0989da9c-db6e-7d1a-ff16-95a554c5c3c9" executionId="08bbf8be-e4a0-41c8-926a-b87329f60e24" testListId="8c84fa94-04c1-424b-9868-57a2d4851a1d" />
    <TestEntry testId="609fa32a-47d7-6a13-5696-e60220c4fe8d" executionId="5e58fbe1-cfb1-4fdf-86b8-9c955cc611d8" testListId="8c84fa94-04c1-424b-9868-57a2d4851a1d" />
    <TestEntry testId="2bf6efa9-53c0-6af8-9058-375f1c8248f3" executionId="bd9fb28b-0aaf-4da0-a73b-33688d1a981e" testListId="8c84fa94-04c1-424b-9868-57a2d4851a1d" />
    <TestEntry testId="0de9b49d-8bdf-4226-5326-afa877082202" executionId="5c04e9bf-ed0f-4edd-930d-e9ba38735a89" testListId="8c84fa94-04c1-424b-9868-57a2d4851a1d" />
    <TestEntry testId="a635f0bb-ca2b-e1b6-1022-9cb601350dce" executionId="12b904d6-7d14-4415-b7e1-402e12aab96f" testListId="8c84fa94-04c1-424b-9868-57a2d4851a1d" />
    <TestEntry testId="1423d5cd-1bcc-0778-1dca-6a774695ead9" executionId="d0aa1576-6145-44f5-b234-80fb46aae91a" testListId="8c84fa94-04c1-424b-9868-57a2d4851a1d" />
    <TestEntry testId="2ed1de2b-fa78-8030-88e2-79bf2949ab51" executionId="1aac3d90-ed3b-451a-a7a6-9fb3036a5910" testListId="8c84fa94-04c1-424b-9868-57a2d4851a1d" />
    <TestEntry testId="6e6afaa1-6949-83b7-279d-1689715c041d" executionId="489d2afd-f809-4447-9a8e-42ecc80b0c2b" testListId="8c84fa94-04c1-424b-9868-57a2d4851a1d" />
    <TestEntry testId="f07f95b8-0429-5e08-bfb2-36e1ab1af938" executionId="903a44ac-87d7-4a46-a9f2-69c7cf49afff" testListId="8c84fa94-04c1-424b-9868-57a2d4851a1d" />
    <TestEntry testId="da18241b-e110-4152-7252-f7c0e2a87c96" executionId="85dd97bf-403c-4049-8ed3-91af6a0e74fe" testListId="8c84fa94-04c1-424b-9868-57a2d4851a1d" />
    <TestEntry testId="aa571640-8b95-6be4-c3df-0f6fa6443622" executionId="7bbcee68-1f2c-49a1-9e9a-ace742439f3a" testListId="8c84fa94-04c1-424b-9868-57a2d4851a1d" />
    <TestEntry testId="b9c8dbdf-2490-1ae3-d94b-ef02d1e5b262" executionId="3799c19f-5767-420a-ab56-d9512e03beae" testListId="8c84fa94-04c1-424b-9868-57a2d4851a1d" />
    <TestEntry testId="8955766b-4d03-6cf6-9c51-2a0d865e9f74" executionId="ab69ffe8-a1cc-4a0e-b424-1cc63aaf7e31" testListId="8c84fa94-04c1-424b-9868-57a2d4851a1d" />
    <TestEntry testId="23f3119f-91a4-8d8f-01f5-933cc02e1981" executionId="cc174b8d-2a73-429f-8f5d-0a16c9cb0097" testListId="8c84fa94-04c1-424b-9868-57a2d4851a1d" />
    <TestEntry testId="1442ba6f-fb9c-d22e-4efc-b427ecd120b5" executionId="08d79085-f355-4b17-b134-697c6e5afe49" testListId="8c84fa94-04c1-424b-9868-57a2d4851a1d" />
    <TestEntry testId="0603561e-d71a-8fcc-987d-423a79ddb75d" executionId="703380fb-72e7-4769-a62c-37e4f6363f70" testListId="8c84fa94-04c1-424b-9868-57a2d4851a1d" />
    <TestEntry testId="731775c3-bfd8-00bf-7b80-564bbac357b7" executionId="78d488c2-b6d1-4807-af4b-62118c59487f" testListId="8c84fa94-04c1-424b-9868-57a2d4851a1d" />
    <TestEntry testId="5686214b-a5b9-3128-8800-3a9781113d17" executionId="2d62e743-a1b0-474f-98e9-eaa92650bb2b" testListId="8c84fa94-04c1-424b-9868-57a2d4851a1d" />
    <TestEntry testId="8cc29bf0-73f7-7940-8bc5-bdc536613070" executionId="dbd256d3-ba87-4811-b29f-e2ec7af4e717" testListId="8c84fa94-04c1-424b-9868-57a2d4851a1d" />
    <TestEntry testId="da3fa3dd-e32e-5292-1e6f-985df0159fdc" executionId="498286f8-87a9-4542-aec9-1f48aaf9b320" testListId="8c84fa94-04c1-424b-9868-57a2d4851a1d" />
  </TestEntries>
  <Results>
    <UnitTestResult executionId="b8026cf1-bbac-4d03-9593-61d6b869d142" testId="e0b8dc99-09df-22e6-450a-55c2bc27dbb5" testName="ChangePasswordGetReturnsView" computerName="ROBPERSON-PC" duration="00:00:00" startTime="0001-01-01T00:00:00.0000000-05:00" endTime="0001-01-01T00:00:00.0000000-05:00" testType="13cdc9d9-ddb5-4fa4-a97d-d965ccfc6d4b" outcome="NotExecuted" testListId="8c84fa94-04c1-424b-9868-57a2d4851a1d">
    </UnitTestResult>
    <UnitTestResult executionId="d81489f0-4b7e-4542-9e3f-11bde8e9ac18" testId="12a2240e-8047-764b-369b-4fbb8106aecb" testName="ChangePasswordPostRedirectsOnSuccess" computerName="ROBPERSON-PC" duration="00:00:00" startTime="0001-01-01T00:00:00.0000000-05:00" endTime="0001-01-01T00:00:00.0000000-05:00" testType="13cdc9d9-ddb5-4fa4-a97d-d965ccfc6d4b" outcome="NotExecuted" testListId="8c84fa94-04c1-424b-9868-57a2d4851a1d">
    </UnitTestResult>
    <UnitTestResult executionId="cb35d079-ca07-4503-92ea-186d007e3503" testId="32ccbf33-f4c6-cd74-6b03-e754473b0f29" testName="ChangePasswordPostReturnsViewIfCurrentPasswordNotSpecified" computerName="ROBPERSON-PC" duration="00:00:00" startTime="0001-01-01T00:00:00.0000000-05:00" endTime="0001-01-01T00:00:00.0000000-05:00" testType="13cdc9d9-ddb5-4fa4-a97d-d965ccfc6d4b" outcome="NotExecuted" testListId="8c84fa94-04c1-424b-9868-57a2d4851a1d">
    </UnitTestResult>
    <UnitTestResult executionId="786405c6-dfe7-4696-86f6-eb28cbd6f9d2" testId="8b7277a3-7ff4-e284-c368-ae108e3dfbf6" testName="ChangePasswordPostReturnsViewIfNewPasswordDoesNotMatchConfirmPassword" computerName="ROBPERSON-PC" duration="00:00:00" startTime="0001-01-01T00:00:00.0000000-05:00" endTime="0001-01-01T00:00:00.0000000-05:00" testType="13cdc9d9-ddb5-4fa4-a97d-d965ccfc6d4b" outcome="NotExecuted" testListId="8c84fa94-04c1-424b-9868-57a2d4851a1d">
    </UnitTestResult>
    <UnitTestResult executionId="58bebd1d-312c-4f83-9fe3-36cc34977a06" testId="bbab721a-b65d-38e6-bdc3-7bdb4660d335" testName="ChangePasswordPostReturnsViewIfNewPasswordIsNull" computerName="ROBPERSON-PC" duration="00:00:00" startTime="0001-01-01T00:00:00.0000000-05:00" endTime="0001-01-01T00:00:00.0000000-05:00" testType="13cdc9d9-ddb5-4fa4-a97d-d965ccfc6d4b" outcome="NotExecuted" testListId="8c84fa94-04c1-424b-9868-57a2d4851a1d">
    </UnitTestResult>
    <UnitTestResult executionId="abee5532-3912-4e3d-88da-ee3771684bf6" testId="c86b9a63-0180-6b2a-9422-df6ac3223398" testName="ChangePasswordPostReturnsViewIfNewPasswordIsTooShort" computerName="ROBPERSON-PC" duration="00:00:00" startTime="0001-01-01T00:00:00.0000000-05:00" endTime="0001-01-01T00:00:00.0000000-05:00" testType="13cdc9d9-ddb5-4fa4-a97d-d965ccfc6d4b" outcome="NotExecuted" testListId="8c84fa94-04c1-424b-9868-57a2d4851a1d">
    </UnitTestResult>
    <UnitTestResult executionId="7232fae6-563d-4ba1-b571-ff92afa883c0" testId="f2893489-a75f-86aa-49be-21b281f0a36e" testName="ChangePasswordPostReturnsViewIfProviderRejectsPassword" computerName="ROBPERSON-PC" duration="00:00:00" startTime="0001-01-01T00:00:00.0000000-05:00" endTime="0001-01-01T00:00:00.0000000-05:00" testType="13cdc9d9-ddb5-4fa4-a97d-d965ccfc6d4b" outcome="NotExecuted" testListId="8c84fa94-04c1-424b-9868-57a2d4851a1d">
    </UnitTestResult>
    <UnitTestResult executionId="08bbf8be-e4a0-41c8-926a-b87329f60e24" testId="0989da9c-db6e-7d1a-ff16-95a554c5c3c9" testName="ChangePasswordSuccess" computerName="ROBPERSON-PC" duration="00:00:00" startTime="0001-01-01T00:00:00.0000000-05:00" endTime="0001-01-01T00:00:00.0000000-05:00" testType="13cdc9d9-ddb5-4fa4-a97d-d965ccfc6d4b" outcome="NotExecuted" testListId="8c84fa94-04c1-424b-9868-57a2d4851a1d">
    </UnitTestResult>
    <UnitTestResult executionId="5e58fbe1-cfb1-4fdf-86b8-9c955cc611d8" testId="609fa32a-47d7-6a13-5696-e60220c4fe8d" testName="ConstructorSetsProperties" computerName="ROBPERSON-PC" duration="00:00:00" startTime="0001-01-01T00:00:00.0000000-05:00" endTime="0001-01-01T00:00:00.0000000-05:00" testType="13cdc9d9-ddb5-4fa4-a97d-d965ccfc6d4b" outcome="NotExecuted" testListId="8c84fa94-04c1-424b-9868-57a2d4851a1d">
    </UnitTestResult>
    <UnitTestResult executionId="bd9fb28b-0aaf-4da0-a73b-33688d1a981e" testId="2bf6efa9-53c0-6af8-9058-375f1c8248f3" testName="ConstructorSetsPropertiesToDefaultValues" computerName="ROBPERSON-PC" duration="00:00:00" startTime="0001-01-01T00:00:00.0000000-05:00" endTime="0001-01-01T00:00:00.0000000-05:00" testType="13cdc9d9-ddb5-4fa4-a97d-d965ccfc6d4b" outcome="NotExecuted" testListId="8c84fa94-04c1-424b-9868-57a2d4851a1d">
    </UnitTestResult>
    <UnitTestResult executionId="5c04e9bf-ed0f-4edd-930d-e9ba38735a89" testId="0de9b49d-8bdf-4226-5326-afa877082202" testName="LoginGet" computerName="ROBPERSON-PC" duration="00:00:00" startTime="0001-01-01T00:00:00.0000000-05:00" endTime="0001-01-01T00:00:00.0000000-05:00" testType="13cdc9d9-ddb5-4fa4-a97d-d965ccfc6d4b" outcome="NotExecuted" testListId="8c84fa94-04c1-424b-9868-57a2d4851a1d">
    </UnitTestResult>
    <UnitTestResult executionId="12b904d6-7d14-4415-b7e1-402e12aab96f" testId="a635f0bb-ca2b-e1b6-1022-9cb601350dce" testName="LoginPostRedirectsHomeIfLoginSuccessfulButNoReturnUrlGiven" computerName="ROBPERSON-PC" duration="00:00:00" startTime="0001-01-01T00:00:00.0000000-05:00" endTime="0001-01-01T00:00:00.0000000-05:00" testType="13cdc9d9-ddb5-4fa4-a97d-d965ccfc6d4b" outcome="NotExecuted" testListId="8c84fa94-04c1-424b-9868-57a2d4851a1d">
    </UnitTestResult>
    <UnitTestResult executionId="d0aa1576-6145-44f5-b234-80fb46aae91a" testId="1423d5cd-1bcc-0778-1dca-6a774695ead9" testName="LoginPostRedirectsToReturnUrlIfLoginSuccessfulAndReturnUrlGiven" computerName="ROBPERSON-PC" duration="00:00:00" startTime="0001-01-01T00:00:00.0000000-05:00" endTime="0001-01-01T00:00:00.0000000-05:00" testType="13cdc9d9-ddb5-4fa4-a97d-d965ccfc6d4b" outcome="NotExecuted" testListId="8c84fa94-04c1-424b-9868-57a2d4851a1d">
    </UnitTestResult>
    <UnitTestResult executionId="1aac3d90-ed3b-451a-a7a6-9fb3036a5910" testId="2ed1de2b-fa78-8030-88e2-79bf2949ab51" testName="LoginPostReturnsViewIfPasswordNotSpecified" computerName="ROBPERSON-PC" duration="00:00:00" startTime="0001-01-01T00:00:00.0000000-05:00" endTime="0001-01-01T00:00:00.0000000-05:00" testType="13cdc9d9-ddb5-4fa4-a97d-d965ccfc6d4b" outcome="NotExecuted" testListId="8c84fa94-04c1-424b-9868-57a2d4851a1d">
    </UnitTestResult>
    <UnitTestResult executionId="489d2afd-f809-4447-9a8e-42ecc80b0c2b" testId="6e6afaa1-6949-83b7-279d-1689715c041d" testName="LoginPostReturnsViewIfUsernameNotSpecified" computerName="ROBPERSON-PC" duration="00:00:00" startTime="0001-01-01T00:00:00.0000000-05:00" endTime="0001-01-01T00:00:00.0000000-05:00" testType="13cdc9d9-ddb5-4fa4-a97d-d965ccfc6d4b" outcome="NotExecuted" testListId="8c84fa94-04c1-424b-9868-57a2d4851a1d">
    </UnitTestResult>
    <UnitTestResult executionId="903a44ac-87d7-4a46-a9f2-69c7cf49afff" testId="f07f95b8-0429-5e08-bfb2-36e1ab1af938" testName="LoginPostReturnsViewIfUsernameOrPasswordIsIncorrect" computerName="ROBPERSON-PC" duration="00:00:00" startTime="0001-01-01T00:00:00.0000000-05:00" endTime="0001-01-01T00:00:00.0000000-05:00" testType="13cdc9d9-ddb5-4fa4-a97d-d965ccfc6d4b" outcome="NotExecuted" testListId="8c84fa94-04c1-424b-9868-57a2d4851a1d">
    </UnitTestResult>
    <UnitTestResult executionId="85dd97bf-403c-4049-8ed3-91af6a0e74fe" testId="da18241b-e110-4152-7252-f7c0e2a87c96" testName="LogOff" computerName="ROBPERSON-PC" duration="00:00:00" startTime="0001-01-01T00:00:00.0000000-05:00" endTime="0001-01-01T00:00:00.0000000-05:00" testType="13cdc9d9-ddb5-4fa4-a97d-d965ccfc6d4b" outcome="NotExecuted" testListId="8c84fa94-04c1-424b-9868-57a2d4851a1d">
    </UnitTestResult>
    <UnitTestResult executionId="7bbcee68-1f2c-49a1-9e9a-ace742439f3a" testId="aa571640-8b95-6be4-c3df-0f6fa6443622" testName="RegisterGet" computerName="ROBPERSON-PC" duration="00:00:00" startTime="0001-01-01T00:00:00.0000000-05:00" endTime="0001-01-01T00:00:00.0000000-05:00" testType="13cdc9d9-ddb5-4fa4-a97d-d965ccfc6d4b" outcome="NotExecuted" testListId="8c84fa94-04c1-424b-9868-57a2d4851a1d">
    </UnitTestResult>
    <UnitTestResult executionId="3799c19f-5767-420a-ab56-d9512e03beae" testId="b9c8dbdf-2490-1ae3-d94b-ef02d1e5b262" testName="RegisterPostRedirectsHomeIfRegistrationSuccessful" computerName="ROBPERSON-PC" duration="00:00:00" startTime="0001-01-01T00:00:00.0000000-05:00" endTime="0001-01-01T00:00:00.0000000-05:00" testType="13cdc9d9-ddb5-4fa4-a97d-d965ccfc6d4b" outcome="NotExecuted" testListId="8c84fa94-04c1-424b-9868-57a2d4851a1d">
    </UnitTestResult>
    <UnitTestResult executionId="ab69ffe8-a1cc-4a0e-b424-1cc63aaf7e31" testId="8955766b-4d03-6cf6-9c51-2a0d865e9f74" testName="RegisterPostReturnsViewIfEmailNotSpecified" computerName="ROBPERSON-PC" duration="00:00:00" startTime="0001-01-01T00:00:00.0000000-05:00" endTime="0001-01-01T00:00:00.0000000-05:00" testType="13cdc9d9-ddb5-4fa4-a97d-d965ccfc6d4b" outcome="NotExecuted" testListId="8c84fa94-04c1-424b-9868-57a2d4851a1d">
    </UnitTestResult>
    <UnitTestResult executionId="cc174b8d-2a73-429f-8f5d-0a16c9cb0097" testId="23f3119f-91a4-8d8f-01f5-933cc02e1981" testName="RegisterPostReturnsViewIfNewPasswordDoesNotMatchConfirmPassword" computerName="ROBPERSON-PC" duration="00:00:00" startTime="0001-01-01T00:00:00.0000000-05:00" endTime="0001-01-01T00:00:00.0000000-05:00" testType="13cdc9d9-ddb5-4fa4-a97d-d965ccfc6d4b" outcome="NotExecuted" testListId="8c84fa94-04c1-424b-9868-57a2d4851a1d">
    </UnitTestResult>
    <UnitTestResult executionId="08d79085-f355-4b17-b134-697c6e5afe49" testId="1442ba6f-fb9c-d22e-4efc-b427ecd120b5" testName="RegisterPostReturnsViewIfPasswordIsNull" computerName="ROBPERSON-PC" duration="00:00:00" startTime="0001-01-01T00:00:00.0000000-05:00" endTime="0001-01-01T00:00:00.0000000-05:00" testType="13cdc9d9-ddb5-4fa4-a97d-d965ccfc6d4b" outcome="NotExecuted" testListId="8c84fa94-04c1-424b-9868-57a2d4851a1d">
    </UnitTestResult>
    <UnitTestResult executionId="703380fb-72e7-4769-a62c-37e4f6363f70" testId="0603561e-d71a-8fcc-987d-423a79ddb75d" testName="RegisterPostReturnsViewIfPasswordIsTooShort" computerName="ROBPERSON-PC" duration="00:00:00" startTime="0001-01-01T00:00:00.0000000-05:00" endTime="0001-01-01T00:00:00.0000000-05:00" testType="13cdc9d9-ddb5-4fa4-a97d-d965ccfc6d4b" outcome="NotExecuted" testListId="8c84fa94-04c1-424b-9868-57a2d4851a1d">
    </UnitTestResult>
    <UnitTestResult executionId="78d488c2-b6d1-4807-af4b-62118c59487f" testId="731775c3-bfd8-00bf-7b80-564bbac357b7" testName="RegisterPostReturnsViewIfRegistrationFails" computerName="ROBPERSON-PC" duration="00:00:00" startTime="0001-01-01T00:00:00.0000000-05:00" endTime="0001-01-01T00:00:00.0000000-05:00" testType="13cdc9d9-ddb5-4fa4-a97d-d965ccfc6d4b" outcome="NotExecuted" testListId="8c84fa94-04c1-424b-9868-57a2d4851a1d">
    </UnitTestResult>
    <UnitTestResult executionId="2d62e743-a1b0-474f-98e9-eaa92650bb2b" testId="5686214b-a5b9-3128-8800-3a9781113d17" testName="RegisterPostReturnsViewIfUsernameNotSpecified" computerName="ROBPERSON-PC" duration="00:00:00" startTime="0001-01-01T00:00:00.0000000-05:00" endTime="0001-01-01T00:00:00.0000000-05:00" testType="13cdc9d9-ddb5-4fa4-a97d-d965ccfc6d4b" outcome="NotExecuted" testListId="8c84fa94-04c1-424b-9868-57a2d4851a1d">
    </UnitTestResult>
    <UnitTestResult executionId="dbd256d3-ba87-4811-b29f-e2ec7af4e717" testId="8cc29bf0-73f7-7940-8bc5-bdc536613070" testName="Index" computerName="ROBPERSON-PC" duration="00:00:00" startTime="0001-01-01T00:00:00.0000000-05:00" endTime="0001-01-01T00:00:00.0000000-05:00" testType="13cdc9d9-ddb5-4fa4-a97d-d965ccfc6d4b" outcome="NotExecuted" testListId="8c84fa94-04c1-424b-9868-57a2d4851a1d">
    </UnitTestResult>
    <UnitTestResult executionId="498286f8-87a9-4542-aec9-1f48aaf9b320" testId="da3fa3dd-e32e-5292-1e6f-985df0159fdc" testName="About" computerName="ROBPERSON-PC" duration="00:00:00" startTime="0001-01-01T00:00:00.0000000-05:00" endTime="0001-01-01T00:00:00.0000000-05:00" testType="13cdc9d9-ddb5-4fa4-a97d-d965ccfc6d4b" outcome="NotExecuted" testListId="8c84fa94-04c1-424b-9868-57a2d4851a1d">
    </UnitTestResult>
  </Results>
</TestRun>